
# Call used:
python src/pheML_develop.py --data_folder data --output_folder results/lr_stutter_0410 --trait Stutter --output_prefix stutter_0410 --model_type LR --matched_controls_for_ML 1 --n_controls_per_case 5 --kernel rbf

# Arguments used:
# - data_folder: data
# - output_folder: results/lr_stutter_0410
# - trait: Stutter
# - output_prefix: stutter_0410
# - model_type: LR
# - matched_controls_for_ML: 1
# - n_controls_per_case: 5
# - kernel: rbf
Preparing data for model development...
Loading phecode data with Polars (lazy mode)...
Loading 6686 relevant samples (cases + controls)...
Number of training samples: 5295
Number of testing samples: 1329
Number of features: 20
Training the model...
Best trial parameters: {'l1_ratio': 0.0, 'C': 0.1, 'solver': 'lbfgs'}
Best cross-validation accuracy: 0.8691218130311615
Reading phecode map...
Plotting model results...
Model does not have feature_importances_ attribute.
Computing permutation importance for LR model...
Saved permutation importance results to results/lr_stutter_0410/stutter_0410_LR_permutation_importance.csv
Loaded backend agg version v2.2.
Saved permutation importance plot to results/lr_stutter_0410/stutter_0410_LR_permutation_importance_top15.png
locator: <matplotlib.ticker.AutoLocator object at 0x7bcdc53b3590>
Precision is: 0.61
AUC is: 0.86
Saving model...
Done. Model building completed.
