
# Call used:
python src/pheML_develop.py --data_folder data --output_folder results/rf_stutter_0450 --trait Stutter --output_prefix stutter_0450 --model_type RF --matched_controls_for_ML 1 --n_controls_per_case 5 --kernel poly

# Arguments used:
# - data_folder: data
# - output_folder: results/rf_stutter_0450
# - trait: Stutter
# - output_prefix: stutter_0450
# - model_type: RF
# - matched_controls_for_ML: 1
# - n_controls_per_case: 5
# - kernel: poly
Preparing data for model development...
Loading phecode data with Polars (lazy mode)...
Loading 6686 relevant samples (cases + controls)...
Number of training samples: 5303
Number of testing samples: 1327
Number of features: 19
Training the model...
Best trial parameters: {'n_estimators': 10, 'max_depth': None, 'min_samples_split': 2, 'min_samples_leaf': 4, 'bootstrap': False}
Best cross-validation accuracy: 0.843676311062899
Reading phecode map...
Plotting model results...
Loaded backend agg version v2.2.
Saved top 10 feature importance plot to results/rf_stutter_0450/stutter_0450_rf_feature_importance_top10.png
Computing permutation importance for RF model...
Saved permutation importance results to results/rf_stutter_0450/stutter_0450_RF_permutation_importance.csv
Saved permutation importance plot to results/rf_stutter_0450/stutter_0450_RF_permutation_importance_top15.png
locator: <matplotlib.ticker.AutoLocator object at 0x781eec663790>
Precision is: 0.47
AUC is: 0.86
Saving model...
Done. Model building completed.
