
# Call used:
python src/phecode_enrichment_with_permutation.py --control_fn results/rf_stutter_0450/case_control_pairs_stutter_0450_train.txt --output_path results/rf_stutter_0450 --output_prefix stutter_0450 --n_permute 10000

# Arguments used:
# - case_fn: ./sample_data/case_list.txt
# - control_fn: results/rf_stutter_0450/case_control_pairs_stutter_0450_train.txt
# - output_path: results/rf_stutter_0450
# - output_prefix: stutter_0450
# - control_delimiter: tab
# - n_permute: 10000
# - phecode_binary_feather_file: /data100t1/share/synthetic-deriv/phecodes/all-sd-phecodes-mar-2025/sd_samples_phecode.binary.feather

# Load list of cases and controls
# - N cases=897
# - Control file: 897

# Load binary phecode table (lazy loading with polars)
# - Binary phecode table loaded (lazy). N phecodes: 1877

# Pre-loading relevant samples into memory for fast access
# - Loading 9752 relevant samples into memory
# - Data loaded into memory. Shape: (9665, 1877)

# Calculate frequency of each phecode in cases

# Calculate frequency of each phecode in controls with permutation

# Calcualte p values

# Done. Finished in 4.30 minutes
