
# Call used:
python src/pheML_develop.py --data_folder data --output_folder results/lsvc_stutter_0420 --trait Stutter --output_prefix stutter_0420 --model_type LSVC --matched_controls_for_ML 1 --n_controls_per_case 5 --kernel rbf

# Arguments used:
# - data_folder: data
# - output_folder: results/lsvc_stutter_0420
# - trait: Stutter
# - output_prefix: stutter_0420
# - model_type: LSVC
# - matched_controls_for_ML: 1
# - n_controls_per_case: 5
# - kernel: rbf
Preparing data for model development...
Loading phecode data with Polars (lazy mode)...
Loading 6686 relevant samples (cases + controls)...
Number of training samples: 5306
Number of testing samples: 1327
Number of features: 20
Training the model...
Best trial parameters: {'C': 0.1}
Best cross-validation accuracy: 0.8744809554998216
Reading phecode map...
Plotting model results...
Model does not have feature_importances_ attribute.
Computing permutation importance for LSVC model...
Saved permutation importance results to results/lsvc_stutter_0420/stutter_0420_LSVC_permutation_importance.csv
Loaded backend agg version v2.2.
Saved permutation importance plot to results/lsvc_stutter_0420/stutter_0420_LSVC_permutation_importance_top15.png
locator: <matplotlib.ticker.AutoLocator object at 0x7e363aba1290>
Precision is: 0.60
AUC is: 0.85
Saving model...
Done. Model building completed.
