
# Call used:
python src/pheML_develop.py --data_folder data --output_folder results/svc_poly_stutter_0440 --trait Stutter --output_prefix stutter_0440 --model_type SVC --matched_controls_for_ML 1 --n_controls_per_case 5 --kernel poly

# Arguments used:
# - data_folder: data
# - output_folder: results/svc_poly_stutter_0440
# - trait: Stutter
# - output_prefix: stutter_0440
# - model_type: SVC
# - matched_controls_for_ML: 1
# - n_controls_per_case: 5
# - kernel: poly
This model is using the poly kernel
Preparing data for model development...
Loading phecode data with Polars (lazy mode)...
Loading 6686 relevant samples (cases + controls)...
Number of training samples: 5303
Number of testing samples: 1327
Number of features: 19
Training the model...
Best trial parameters: {'C': 0.1}
Best cross-validation accuracy: 0.8821441146657657
Reading phecode map...
Plotting model results...
Model does not have feature_importances_ attribute.
Computing permutation importance for SVC model...
Saved permutation importance results to results/svc_poly_stutter_0440/stutter_0440_SVC_permutation_importance.csv
Loaded backend agg version v2.2.
Saved permutation importance plot to results/svc_poly_stutter_0440/stutter_0440_SVC_permutation_importance_top15.png
locator: <matplotlib.ticker.AutoLocator object at 0x7ab1b89c5150>
Precision is: 0.63
AUC is: 0.82
Saving model...
Done. Model building completed.
