
# Call used:
python src/pheML_develop.py --data_folder data --output_folder results/svc_rc_celiac_1070 --trait Celiac --output_prefix celiac_1070 --model_type RC --matched_controls_for_ML 1 --n_controls_per_case 4 --kernel rbf

# Arguments used:
# - data_folder: data
# - output_folder: results/svc_rc_celiac_1070
# - trait: Celiac
# - output_prefix: celiac_1070
# - model_type: RC
# - matched_controls_for_ML: 1
# - n_controls_per_case: 4
# - kernel: rbf
Preparing data for model development...
Loading phecode data with Polars (lazy mode)...
Loading 1471 relevant samples (cases + controls)...
Number of training samples: 1176
Number of testing samples: 295
Number of features: 229
Training the model...
Best trial parameters: {'alpha': 0.5}
Best cross-validation accuracy: 0.8622286332491887
Reading phecode map...
Plotting model results...
Model does not have feature_importances_ attribute.
Computing permutation importance for RC model...
Saved permutation importance results to results/svc_rc_celiac_1070/celiac_1070_RC_permutation_importance.csv
Loaded backend agg version v2.2.
Saved permutation importance plot to results/svc_rc_celiac_1070/celiac_1070_RC_permutation_importance_top15.png
locator: <matplotlib.ticker.AutoLocator object at 0x7ba8ca7c7890>
Precision is: 0.79
AUC is: 0.79
Saving model...
Done. Model building completed.
