
# Call used:
python src/pheML_develop.py --data_folder data --output_folder results/lsvc_celiac_1040 --trait Celiac --output_prefix celiac_1040 --model_type LSVC --matched_controls_for_ML 1 --n_controls_per_case 4 --kernel poly

# Arguments used:
# - data_folder: data
# - output_folder: results/lsvc_celiac_1040
# - trait: Celiac
# - output_prefix: celiac_1040
# - model_type: LSVC
# - matched_controls_for_ML: 1
# - n_controls_per_case: 4
# - kernel: poly
Preparing data for model development...
Loading phecode data with Polars (lazy mode)...
Loading 1471 relevant samples (cases + controls)...
Number of training samples: 1176
Number of testing samples: 295
Number of features: 229
Training the model...
Best trial parameters: {'C': 0.1}
Best cross-validation accuracy: 0.8656328885683375
Reading phecode map...
Plotting model results...
Model does not have feature_importances_ attribute.
Computing permutation importance for LSVC model...
Saved permutation importance results to results/lsvc_celiac_1040/celiac_1040_LSVC_permutation_importance.csv
Loaded backend agg version v2.2.
Saved permutation importance plot to results/lsvc_celiac_1040/celiac_1040_LSVC_permutation_importance_top15.png
locator: <matplotlib.ticker.AutoLocator object at 0x742bd5d75890>
Precision is: 0.78
AUC is: 0.81
Saving model...
Done. Model building completed.
